###############################################################################
#                                                                             #
# IAR C/C++ Compiler V8.10.3.10338/W32 for 8051         17/May/2021  16:56:54 #
# Copyright 2004-2011 IAR Systems AB.                                         #
#                                                                             #
#    Core               =  plain                                              #
#    Code model         =  banked                                             #
#    Data model         =  large                                              #
#    Calling convention =  xdata reentrant                                    #
#    Constant location  =  data_rom                                           #
#    Dptr setup         =  1,16                                               #
#    Source file        =  C:\Texas Instruments\ZStack-CC2530-2.3.0-1.4.0\Pro #
#                          jects\zstack\Samples\GenericApp\CC2530DB\Enddevice #
#                          .c                                                 #
#    Command line       =  -f "C:\Texas Instruments\ZStack-CC2530-2.3.0-1.4.0 #
#                          \Projects\zstack\Samples\GenericApp\CC2530DB\..\.. #
#                          \..\Tools\CC2530DB\f8wCoord.cfg" (-DCPU32MHZ       #
#                          -DROOT=__near_func -DMAC_CFG_APP_PENDING_QUEUE=TRU #
#                          E -DZDO_COORDINATOR -DRTR_NWK -DBLINK_LEDS) -f     #
#                          "C:\Texas Instruments\ZStack-CC2530-2.3.0-1.4.0\Pr #
#                          ojects\zstack\Samples\GenericApp\CC2530DB\..\..\.. #
#                          \Tools\CC2530DB\f8wConfig.cfg" (-DSECURE=0         #
#                          -DZG_SECURE_DYNAMIC=0 -DREFLECTOR                  #
#                          -DDEFAULT_CHANLIST=0x00000800                      #
#                          -DZDAPP_CONFIG_PAN_ID=0xFFFF                       #
#                          -DNWK_START_DELAY=100 -DEXTENDED_JOINING_RANDOM_MA #
#                          SK=0x007F -DBEACON_REQUEST_DELAY=100               #
#                          -DBEACON_REQ_DELAY_MASK=0x00FF                     #
#                          -DROUTE_EXPIRY_TIME=30 -DAPSC_ACK_WAIT_DURATION_PO #
#                          LLED=3000 -DNWK_INDIRECT_MSG_TIMEOUT=7             #
#                          -DMAX_RREQ_ENTRIES=8 -DAPSC_MAX_FRAME_RETRIES=3    #
#                          -DNWK_MAX_DATA_RETRIES=2                           #
#                          -DMAX_POLL_FAILURE_RETRIES=2 -DMAX_BCAST=9         #
#                          -DAPS_MAX_GROUPS=16 -DMAX_RTG_ENTRIES=40           #
#                          -DNWK_MAX_BINDING_ENTRIES=4                        #
#                          -DMAX_BINDING_CLUSTER_IDS=4 "-DDEFAULT_KEY={0x01,  #
#                          0x03, 0x05, 0x07, 0x09, 0x0B, 0x0D, 0x0F, 0x00,    #
#                          0x02, 0x04, 0x06, 0x08, 0x0A, 0x0C, 0x0D}"         #
#                          -DMAC_MAX_FRAME_SIZE=116 "-DCONST=const __code"    #
#                          -DGENERIC=__generic -DRFD_RCVC_ALWAYS_ON=FALSE     #
#                          -DPOLL_RATE=1000 -DQUEUED_POLL_RATE=100            #
#                          -DRESPONSE_POLL_RATE=100) -DREJOIN_POLL_RATE=440   #
#                          "C:\Texas Instruments\ZStack-CC2530-2.3.0-1.4.0\Pr #
#                          ojects\zstack\Samples\GenericApp\CC2530DB\Enddevic #
#                          e.c" -D ZTOOL_P1 -D MT_TASK -D MT_SYS_FUNC -D      #
#                          MT_ZDO_FUNC -D LCD_SUPPORTED=DEBUG -lC "C:\Texas   #
#                          Instruments\ZStack-CC2530-2.3.0-1.4.0\Projects\zst #
#                          ack\Samples\GenericApp\CC2530DB\CoordinatorEB\List #
#                          \" -lA "C:\Texas Instruments\ZStack-CC2530-2.3.0-1 #
#                          .4.0\Projects\zstack\Samples\GenericApp\CC2530DB\C #
#                          oordinatorEB\List\" --diag_suppress Pe001,Pa010    #
#                          -o "C:\Texas Instruments\ZStack-CC2530-2.3.0-1.4.0 #
#                          \Projects\zstack\Samples\GenericApp\CC2530DB\Coord #
#                          inatorEB\Obj\" -e --debug --core=plain             #
#                          --dptr=16,1 --data_model=large                     #
#                          --code_model=banked --calling_convention=xdata_ree #
#                          ntrant --place_constants=data_rom                  #
#                          --nr_virtual_regs 16 -I "C:\Texas                  #
#                          Instruments\ZStack-CC2530-2.3.0-1.4.0\Projects\zst #
#                          ack\Samples\GenericApp\CC2530DB\" -I "C:\Texas     #
#                          Instruments\ZStack-CC2530-2.3.0-1.4.0\Projects\zst #
#                          ack\Samples\GenericApp\CC2530DB\..\SOURCE\" -I     #
#                          "C:\Texas Instruments\ZStack-CC2530-2.3.0-1.4.0\Pr #
#                          ojects\zstack\Samples\GenericApp\CC2530DB\..\..\.. #
#                          \ZMAIN\TI2530DB\" -I "C:\Texas                     #
#                          Instruments\ZStack-CC2530-2.3.0-1.4.0\Projects\zst #
#                          ack\Samples\GenericApp\CC2530DB\..\..\..\..\..\COM #
#                          PONENTS\MT\" -I "C:\Texas                          #
#                          Instruments\ZStack-CC2530-2.3.0-1.4.0\Projects\zst #
#                          ack\Samples\GenericApp\CC2530DB\..\..\..\..\..\COM #
#                          PONENTS\HAL\INCLUDE\" -I "C:\Texas                 #
#                          Instruments\ZStack-CC2530-2.3.0-1.4.0\Projects\zst #
#                          ack\Samples\GenericApp\CC2530DB\..\..\..\..\..\COM #
#                          PONENTS\HAL\TARGET\CC2530EB\" -I "C:\Texas         #
#                          Instruments\ZStack-CC2530-2.3.0-1.4.0\Projects\zst #
#                          ack\Samples\GenericApp\CC2530DB\..\..\..\..\..\COM #
#                          PONENTS\OSAL\MCU\CCSOC\" -I "C:\Texas              #
#                          Instruments\ZStack-CC2530-2.3.0-1.4.0\Projects\zst #
#                          ack\Samples\GenericApp\CC2530DB\..\..\..\..\..\COM #
#                          PONENTS\OSAL\INCLUDE\" -I "C:\Texas                #
#                          Instruments\ZStack-CC2530-2.3.0-1.4.0\Projects\zst #
#                          ack\Samples\GenericApp\CC2530DB\..\..\..\..\..\COM #
#                          PONENTS\STACK\AF\" -I "C:\Texas                    #
#                          Instruments\ZStack-CC2530-2.3.0-1.4.0\Projects\zst #
#                          ack\Samples\GenericApp\CC2530DB\..\..\..\..\..\COM #
#                          PONENTS\STACK\NWK\" -I "C:\Texas                   #
#                          Instruments\ZStack-CC2530-2.3.0-1.4.0\Projects\zst #
#                          ack\Samples\GenericApp\CC2530DB\..\..\..\..\..\COM #
#                          PONENTS\STACK\SEC\" -I "C:\Texas                   #
#                          Instruments\ZStack-CC2530-2.3.0-1.4.0\Projects\zst #
#                          ack\Samples\GenericApp\CC2530DB\..\..\..\..\..\COM #
#                          PONENTS\STACK\SAPI\" -I "C:\Texas                  #
#                          Instruments\ZStack-CC2530-2.3.0-1.4.0\Projects\zst #
#                          ack\Samples\GenericApp\CC2530DB\..\..\..\..\..\COM #
#                          PONENTS\STACK\SYS\" -I "C:\Texas                   #
#                          Instruments\ZStack-CC2530-2.3.0-1.4.0\Projects\zst #
#                          ack\Samples\GenericApp\CC2530DB\..\..\..\..\..\COM #
#                          PONENTS\STACK\ZDO\" -I "C:\Texas                   #
#                          Instruments\ZStack-CC2530-2.3.0-1.4.0\Projects\zst #
#                          ack\Samples\GenericApp\CC2530DB\..\..\..\..\..\COM #
#                          PONENTS\ZMAC\F8W\" -I "C:\Texas                    #
#                          Instruments\ZStack-CC2530-2.3.0-1.4.0\Projects\zst #
#                          ack\Samples\GenericApp\CC2530DB\..\..\..\..\..\COM #
#                          PONENTS\ZMAC\" -I "C:\Texas                        #
#                          Instruments\ZStack-CC2530-2.3.0-1.4.0\Projects\zst #
#                          ack\Samples\GenericApp\CC2530DB\..\..\..\..\..\COM #
#                          PONENTS\SERVICES\SADDR\" -I "C:\Texas              #
#                          Instruments\ZStack-CC2530-2.3.0-1.4.0\Projects\zst #
#                          ack\Samples\GenericApp\CC2530DB\..\..\..\..\..\COM #
#                          PONENTS\SERVICES\SDATA\" -I "C:\Texas              #
#                          Instruments\ZStack-CC2530-2.3.0-1.4.0\Projects\zst #
#                          ack\Samples\GenericApp\CC2530DB\..\..\..\..\..\COM #
#                          PONENTS\MAC\INCLUDE\" -I "C:\Texas                 #
#                          Instruments\ZStack-CC2530-2.3.0-1.4.0\Projects\zst #
#                          ack\Samples\GenericApp\CC2530DB\..\..\..\..\..\COM #
#                          PONENTS\MAC\HIGH_LEVEL\" -I "C:\Texas              #
#                          Instruments\ZStack-CC2530-2.3.0-1.4.0\Projects\zst #
#                          ack\Samples\GenericApp\CC2530DB\..\..\..\..\..\COM #
#                          PONENTS\MAC\LOW_LEVEL\srf04\" -I "C:\Texas         #
#                          Instruments\ZStack-CC2530-2.3.0-1.4.0\Projects\zst #
#                          ack\Samples\GenericApp\CC2530DB\..\..\..\..\..\COM #
#                          PONENTS\MAC\LOW_LEVEL\srf04\SINGLE_CHIP\" -Ohz     #
#                          --require_prototypes                               #
#    List file          =  C:\Texas Instruments\ZStack-CC2530-2.3.0-1.4.0\Pro #
#                          jects\zstack\Samples\GenericApp\CC2530DB\Coordinat #
#                          orEB\List\Enddevice.lst                            #
#    Object file        =  C:\Texas Instruments\ZStack-CC2530-2.3.0-1.4.0\Pro #
#                          jects\zstack\Samples\GenericApp\CC2530DB\Coordinat #
#                          orEB\Obj\Enddevice.r51                             #
#                                                                             #
#                                                                             #
###############################################################################

C:\Texas Instruments\ZStack-CC2530-2.3.0-1.4.0\Projects\zstack\Samples\GenericApp\CC2530DB\Enddevice.c
      1          #include "OSAL.h"
      2          #include "AF.h"
      3          #include "ZDApp.h"
      4          #include "ZDObject.h"
      5          #include "ZDProfile.h"
      6          #include <string.h>
      7          #include "Coordinator.h"
      8          #include "DebugTrace.h"
      9          
     10          #if !defined( WIN32 )
     11          #include "OnBoard.h"
     12          #endif
     13          
     14          /* HAL */
     15          #include "hal_lcd.h"
     16          #include "hal_led.h"
     17          #include "hal_key.h"
     18          #include "hal_uart.h"
     19          
     20          const cId_t GenericApp_ClusterList[GENERICAPP_MAX_CLUSTERS] =
     21          {
     22              GENERICAPP_CLUSTERID
     23          };
     24          
     25          const SimpleDescriptionFormat_t GenericApp_SimpleDesc =
     26          {
     27              GENERICAPP_ENDPOINT,              //  int Endpoint;
     28              GENERICAPP_PROFID,                //  uint16 AppProfId[2];
     29              GENERICAPP_DEVICEID,              //  uint16 AppDeviceId[2];
     30              GENERICAPP_DEVICE_VERSION,        //  int   AppDevVer:4;
     31              GENERICAPP_FLAGS,                 //  int   AppFlags:4;
     32              0,         
     33                  (cId_t *)NULL 
     34              GENERICAPP_MAX_CLUSTERS,          //  byte  AppNumInClusters;
                     ^
Error[Pe067]: expected a "}"
     35              (cId_t *)GenericApp_ClusterList,  //  byte *pAppInClusterList; 
     36          };
     37          
     38          endPointDesc_t GenericApp_epDesc;
     39          byte GenericApp_TaskID;
     40          byte GenericApp_TransID;
     41          devStates_t GenericApp_NwkState;
     42          
     43          void GenericApp_MessageMSGCB( afIncomingMSGPacket_t *pckt );
     44          void GenericApp_SendTheMessage( void );
     45          
     46          void GenericApp_Init( byte task_id )
     47          {
     48              GenericApp_TaskID          = task_id;
     49              GenericApp_NwkState        = DEV_INIT;
     50              GenericApp_TransID         = 0;
     51              GenericApp_epDesc.endPoint = GENERICAPP_ENDPOINT;
     52              GenericApp_epDesc.task_id  = &GenericApp_TaskID;
     53              GenericApp_epDesc.simpleDesc = (SimpleDescriptionFormat_t *)&GenericApp_SimpleDesc;
     54              GenericApp_epDesc.latencyReq = noLatencyReqs;
     55              afRegister( &GenericApp_epDesc );
     56              
     57          }
     58          
     59          UINT16 GenericApp_ProcessEvent( byte task_id, UINT16 events )
     60          {
     61              afIncomingMSGPacket_t *MSGpkt;
     62              if ( events & SYS_EVENT_MSG )
     63              {
     64                  MSGpkt = (afIncomingMSGPacket_t *)osal_msg_receive( GenericApp_TaskID );
     65                  while ( MSGpkt )
     66                  {
     67                      switch ( MSGpkt->hdr.event )
     68                      {
     69                      case ZD0_STATE_CHANGE:
                                  ^
Error[Pe020]: identifier "ZD0_STATE_CHANGE" is undefined
     70                      GenericApp_NwkState == (devStates_t)(MSGpkt->hdr.status);
                             ^
Warning[Pe174]: expression has no effect
     71                      if (GenericApp_NwkState == DEV_END_DEVICE)
     72                      {
     73                          GenericApp_SendTheMessage() ;
     74                      }
     75                      break;
     76                      
     77                      default:
     78                          break;
     79                      }
     80                      osal_msg_deallocate( (uint8 *)MSGpkt );
     81                      MSGpkt = (afIncomingMSGPacket_t *)osal_msg_receive( GenericApp_TaskID );
     82                  }
     83                  
     84                  return (events ^ SYS_EVENT_MSG);
     85              }
     86              return 0;
     87              
     88          }
     89          
     90          void GenericApp_SendTheMessage( void )
     91          {
     92              unsigned char theMessageData[4] = "LED";
     93              afAddrType_t my_DstAddr;
     94          my_DstAddr.addrMore = {afAddMode_t)Addr16Bit;
                            ^
Error[Pe136]: struct "<unnamed>" has no field "addrMore"

  my_DstAddr.addrMore = {afAddMode_t)Addr16Bit;
                        ^
"C:\Texas Instruments\ZStack-CC2530-2.3.0-1.4.0\Projects\zstack\Samples\GenericApp\CC2530DB\Enddevice.c",94  Error[Pe029]: 
          expected an expression
     95          my_DstAddr.endPoint = GENERICAPP_ENDPOINT;
     96          my_DstAddr.addr.shortAddr = 0x0000;
     97          AF_DataRequest( &my_DstAddr, &GenericApp_enDesc,
     98                         GENERICAPP_CLUSTERID,
     99                         3,
    100                         theMessageData,
    101                         &GenericApp_TransID,
    102                         AF_DISCV_ROUTE,
    103                         AF_DEFAULT_RADIUS);
    104          HalLendBlink(HAL_LED_2,0,50,500);
    105          }
    106          typedef struct
    107          {
    108              union
    109              {
    110                  unit16 shortAddr;
    111                  ZLongAddr_t extAddr;
    112              }addr;
    113              afADDrMode_t addrMode;
    114              unit16 panId;
    115          }afAddType_t;
                             ^
Warning[Pe012]: parsing restarts here after previous syntax error
    116          afStatus_t AF_DataRequest(afAddrType_t *dstAddr,
    117                                    endPointDesc_t *srcEP,
    118                                    unit15 cID,
                                           ^
Error[Pe020]: identifier "unit15" is undefined
    119                                    unit16 len,
                                           ^
Error[Pe020]: identifier "unit16" is undefined
    120                                    unit8 *buf,
                                           ^
Error[Pe020]: identifier "unit8" is undefined
    121                                    unit8 *transID,
                                           ^
Error[Pe020]: identifier "unit8" is undefined
    122                                    unit8 options,
                                           ^
Error[Pe020]: identifier "unit8" is undefined
    123                                    unit8 radius)
                                           ^
Error[Pe020]: identifier "unit8" is undefined
    124          
    125            }
                   ^
Error[Pe065]: expected a ";"

      unsigned char theMessageData[4] = "LED";
                    ^
"C:\Texas Instruments\ZStack-CC2530-2.3.0-1.4.0\Projects\zstack\Samples\GenericApp\CC2530DB\Enddevice.c",92  Warning[Pe177]: 
          variable "theMessageData" was declared but never referenced
    126          }
                 ^
Error[Pe169]: expected a declaration

Errors: 12
Warnings: 3
